
> selective-trading@1.0.0 build
> next build

  Γû▓ Next.js 14.2.33
  - Environments: .env.local, .env.production

   Creating an optimized production build ...
 Γ£ô Compiled successfully
   Linting and checking validity of types ...
   Collecting page data ...
node.exe : (node:111424) [MONGOOSE] Warning: Duplicate schema index on 
{"orderNumber":1} found. This is often due to declaring an index using both 
"index: true" and "schema.index()". Please remove the duplicate index 
definition.
At line:1 char:1
+ & "C:\Program Files\nodejs/node.exe" "C:\Program Files\nodejs/node_mo ...
+ ~~~~~~~~~~~~~~~~~~~~~~~~~~~~~~~~~~~~~~~~~~~~~~~~~~~~~~~~~~~~~~~~~~~~~
    + CategoryInfo          : NotSpecified: ((node:111424) [...dex definiti 
   on.:String) [], RemoteException
    + FullyQualifiedErrorId : NativeCommandError
 
(Use `node --trace-warnings ...` to show where the warning was created)
(node:111424) [MONGOOSE] Warning: Duplicate schema index on {"phone":1} 
found. This is often due to declaring an index using both "index: true" and 
"schema.index()". Please remove the duplicate index definition.
(node:111424) [MONGOOSE] Warning: Duplicate schema index on {"slug":1} 
found. This is often due to declaring an index using both "index: true" and 
"schema.index()". Please remove the duplicate index definition.
(node:106824) [MONGOOSE] Warning: Duplicate schema index on {"slug":1} 
found. This is often due to declaring an index using both "index: true" and 
"schema.index()". Please remove the duplicate index definition.
(Use `node --trace-warnings ...` to show where the warning was created)
   Generating static pages (0/41) ...
[Admin Stats] Starting request...
[Auth] Error in getAuthUser: n [Error]: Dynamic server usage: Route 
/api/admin/stats couldn't be rendered statically because it used `cookies`. 
See more info here: https://nextjs.org/docs/messages/dynamic-server-error
    at l (C:\Users\Asus\Desktop\New folder 
(9)\.next\server\chunks\9276.js:1:37220)
    at p (C:\Users\Asus\Desktop\New folder 
(9)\.next\server\chunks\4261.js:1:28515)
    at d (C:\Users\Asus\Desktop\New folder 
(9)\.next\server\app\api\admin\orders\route.js:1:2703)
    at u (C:\Users\Asus\Desktop\New folder 
(9)\.next\server\app\api\admin\orders\route.js:1:3080)
    at c (C:\Users\Asus\Desktop\New folder 
(9)\.next\server\app\api\admin\orders\route.js:1:3158)
    at c (C:\Users\Asus\Desktop\New folder 
(9)\.next\server\app\api\admin\stats\route.js:1:1123)
    at C:\Users\Asus\Desktop\New folder (9)\node_modules\next\dist\compiled\
next-server\app-route.runtime.prod.js:6:38417
    at C:\Users\Asus\Desktop\New folder 
(9)\node_modules\next\dist\server\lib\trace\tracer.js:140:36
    at NoopContextManager.with (C:\Users\Asus\Desktop\New folder 
(9)\node_modules\next\dist\compiled\@opentelemetry\api\index.js:1:7062)
    at ContextAPI.with (C:\Users\Asus\Desktop\New folder 
(9)\node_modules\next\dist\compiled\@opentelemetry\api\index.js:1:518) {
  description: "Route /api/admin/stats couldn't be rendered statically 
because it used `cookies`. See more info here: 
https://nextjs.org/docs/messages/dynamic-server-error",
  digest: 'DYNAMIC_SERVER_USAGE'
}
[Admin Stats] Error: Error: Unauthorized
    at u (C:\Users\Asus\Desktop\New folder 
(9)\.next\server\app\api\admin\orders\route.js:1:3096)
    at async c (C:\Users\Asus\Desktop\New folder 
(9)\.next\server\app\api\admin\orders\route.js:1:3152)
    at async c (C:\Users\Asus\Desktop\New folder 
(9)\.next\server\app\api\admin\stats\route.js:1:1109)
    at async C:\Users\Asus\Desktop\New folder (9)\node_modules\next\dist\com
piled\next-server\app-route.runtime.prod.js:6:38411
    at async e_.execute (C:\Users\Asus\Desktop\New folder (9)\node_modules\n
ext\dist\compiled\next-server\app-route.runtime.prod.js:6:27880)
    at async e_.handle (C:\Users\Asus\Desktop\New folder (9)\node_modules\ne
xt\dist\compiled\next-server\app-route.runtime.prod.js:6:39943)
    at async exportAppRoute (C:\Users\Asus\Desktop\New folder 
(9)\node_modules\next\dist\export\routes\app-route.js:77:26)
    at async exportPageImpl (C:\Users\Asus\Desktop\New folder 
(9)\node_modules\next\dist\export\worker.js:175:20)
    at async Span.traceAsyncFn (C:\Users\Asus\Desktop\New folder 
(9)\node_modules\next\dist\trace\trace.js:154:20)
    at async Object.exportPage (C:\Users\Asus\Desktop\New folder 
(9)\node_modules\next\dist\export\worker.js:237:20)
[Admin Reports] Starting request...
[Auth] Error in getAuthUser: n [Error]: Dynamic server usage: Route 
/api/admin/reports couldn't be rendered statically because it used 
`cookies`. See more info here: 
https://nextjs.org/docs/messages/dynamic-server-error
    at l (C:\Users\Asus\Desktop\New folder 
(9)\.next\server\chunks\9276.js:1:37220)
    at p (C:\Users\Asus\Desktop\New folder 
(9)\.next\server\chunks\4261.js:1:28515)
    at u (C:\Users\Asus\Desktop\New folder 
(9)\.next\server\app\api\admin\stats\route.js:1:2419)
    at d (C:\Users\Asus\Desktop\New folder 
(9)\.next\server\app\api\admin\stats\route.js:1:2796)
    at c (C:\Users\Asus\Desktop\New folder 
(9)\.next\server\app\api\admin\stats\route.js:1:2874)
    at c (C:\Users\Asus\Desktop\New folder 
(9)\.next\server\app\api\admin\reports\route.js:1:1125)
    at C:\Users\Asus\Desktop\New folder (9)\node_modules\next\dist\compiled\
next-server\app-route.runtime.prod.js:6:38417
    at C:\Users\Asus\Desktop\New folder 
(9)\node_modules\next\dist\server\lib\trace\tracer.js:140:36
    at NoopContextManager.with (C:\Users\Asus\Desktop\New folder 
(9)\node_modules\next\dist\compiled\@opentelemetry\api\index.js:1:7062)
    at ContextAPI.with (C:\Users\Asus\Desktop\New folder 
(9)\node_modules\next\dist\compiled\@opentelemetry\api\index.js:1:518) {
  description: "Route /api/admin/reports couldn't be rendered statically 
because it used `cookies`. See more info here: 
https://nextjs.org/docs/messages/dynamic-server-error",
  digest: 'DYNAMIC_SERVER_USAGE'
}
[Admin Reports] Error: Error: Unauthorized
    at d (C:\Users\Asus\Desktop\New folder 
(9)\.next\server\app\api\admin\stats\route.js:1:2812)
    at async c (C:\Users\Asus\Desktop\New folder 
(9)\.next\server\app\api\admin\stats\route.js:1:2868)
    at async c (C:\Users\Asus\Desktop\New folder 
(9)\.next\server\app\api\admin\reports\route.js:1:1111)
    at async C:\Users\Asus\Desktop\New folder (9)\node_modules\next\dist\com
piled\next-server\app-route.runtime.prod.js:6:38411
    at async e_.execute (C:\Users\Asus\Desktop\New folder (9)\node_modules\n
ext\dist\compiled\next-server\app-route.runtime.prod.js:6:27880)
    at async e_.handle (C:\Users\Asus\Desktop\New folder (9)\node_modules\ne
xt\dist\compiled\next-server\app-route.runtime.prod.js:6:39943)
    at async exportAppRoute (C:\Users\Asus\Desktop\New folder 
(9)\node_modules\next\dist\export\routes\app-route.js:77:26)
    at async exportPageImpl (C:\Users\Asus\Desktop\New folder 
(9)\node_modules\next\dist\export\worker.js:175:20)
    at async Span.traceAsyncFn (C:\Users\Asus\Desktop\New folder 
(9)\node_modules\next\dist\trace\trace.js:154:20)
    at async Object.exportPage (C:\Users\Asus\Desktop\New folder 
(9)\node_modules\next\dist\export\worker.js:237:20)
[Admin Orders] Starting request...
[Auth] Error in getAuthUser: n [Error]: Dynamic server usage: Route 
/api/admin/orders couldn't be rendered statically because it used 
`cookies`. See more info here: 
https://nextjs.org/docs/messages/dynamic-server-error
    at l (C:\Users\Asus\Desktop\New folder 
(9)\.next\server\chunks\9276.js:1:37220)
    at p (C:\Users\Asus\Desktop\New folder 
(9)\.next\server\chunks\4261.js:1:28515)
    at u (C:\Users\Asus\Desktop\New folder 
(9)\.next\server\app\api\auth\login-check\route.js:1:3697)
    at c (C:\Users\Asus\Desktop\New folder 
(9)\.next\server\app\api\auth\login-check\route.js:1:4074)
    at l (C:\Users\Asus\Desktop\New folder 
(9)\.next\server\app\api\auth\login-check\route.js:1:4152)
    at c (C:\Users\Asus\Desktop\New folder 
(9)\.next\server\app\api\admin\orders\route.js:1:1124)
    at C:\Users\Asus\Desktop\New folder (9)\node_modules\next\dist\compiled\
next-server\app-route.runtime.prod.js:6:38417
    at C:\Users\Asus\Desktop\New folder 
(9)\node_modules\next\dist\server\lib\trace\tracer.js:140:36
    at NoopContextManager.with (C:\Users\Asus\Desktop\New folder 
(9)\node_modules\next\dist\compiled\@opentelemetry\api\index.js:1:7062)
    at ContextAPI.with (C:\Users\Asus\Desktop\New folder 
(9)\node_modules\next\dist\compiled\@opentelemetry\api\index.js:1:518) {
  description: "Route /api/admin/orders couldn't be rendered statically 
because it used `cookies`. See more info here: 
https://nextjs.org/docs/messages/dynamic-server-error",
  digest: 'DYNAMIC_SERVER_USAGE'
}
[Admin Orders] Error: Error: Unauthorized
    at c (C:\Users\Asus\Desktop\New folder 
(9)\.next\server\app\api\auth\login-check\route.js:1:4090)
    at async l (C:\Users\Asus\Desktop\New folder 
(9)\.next\server\app\api\auth\login-check\route.js:1:4146)
    at async c (C:\Users\Asus\Desktop\New folder 
(9)\.next\server\app\api\admin\orders\route.js:1:1110)
    at async C:\Users\Asus\Desktop\New folder (9)\node_modules\next\dist\com
piled\next-server\app-route.runtime.prod.js:6:38411
    at async e_.execute (C:\Users\Asus\Desktop\New folder (9)\node_modules\n
ext\dist\compiled\next-server\app-route.runtime.prod.js:6:27880)
    at async e_.handle (C:\Users\Asus\Desktop\New folder (9)\node_modules\ne
xt\dist\compiled\next-server\app-route.runtime.prod.js:6:39943)
    at async exportAppRoute (C:\Users\Asus\Desktop\New folder 
(9)\node_modules\next\dist\export\routes\app-route.js:77:26)
    at async exportPageImpl (C:\Users\Asus\Desktop\New folder 
(9)\node_modules\next\dist\export\worker.js:175:20)
    at async Span.traceAsyncFn (C:\Users\Asus\Desktop\New folder 
(9)\node_modules\next\dist\trace\trace.js:154:20)
    at async Object.exportPage (C:\Users\Asus\Desktop\New folder 
(9)\node_modules\next\dist\export\worker.js:237:20)
[Profile] GET request
[Profile] Unauthorized - no auth user
   Generating static pages (10/41) 
[Auth] Error in getAuthUser: n [Error]: Dynamic server usage: Route 
/api/profile couldn't be rendered statically because it used `cookies`. See 
more info here: https://nextjs.org/docs/messages/dynamic-server-error
    at l (C:\Users\Asus\Desktop\New folder 
(9)\.next\server\chunks\9276.js:1:37220)
    at p (C:\Users\Asus\Desktop\New folder 
(9)\.next\server\chunks\4261.js:1:28515)
    at u (C:\Users\Asus\Desktop\New folder 
(9)\.next\server\app\api\admin\settings\route.js:1:3365)
    at d (C:\Users\Asus\Desktop\New folder 
(9)\.next\server\app\api\profile\route.js:1:1119)
    at C:\Users\Asus\Desktop\New folder (9)\node_modules\next\dist\compiled\
next-server\app-route.runtime.prod.js:6:38417
    at C:\Users\Asus\Desktop\New folder 
(9)\node_modules\next\dist\server\lib\trace\tracer.js:140:36
    at NoopContextManager.with (C:\Users\Asus\Desktop\New folder 
(9)\node_modules\next\dist\compiled\@opentelemetry\api\index.js:1:7062)
    at ContextAPI.with (C:\Users\Asus\Desktop\New folder 
(9)\node_modules\next\dist\compiled\@opentelemetry\api\index.js:1:518)
    at NoopTracer.startActiveSpan (C:\Users\Asus\Desktop\New folder 
(9)\node_modules\next\dist\compiled\@opentelemetry\api\index.js:1:18093)
    at ProxyTracer.startActiveSpan (C:\Users\Asus\Desktop\New folder 
(9)\node_modules\next\dist\compiled\@opentelemetry\api\index.js:1:18854) {
  description: "Route /api/profile couldn't be rendered statically because 
it used `cookies`. See more info here: 
https://nextjs.org/docs/messages/dynamic-server-error",
  digest: 'DYNAMIC_SERVER_USAGE'
}
[Auth Me] Request initiated
[Auth Me] No auth user found
[Auth] Error in getAuthUser: n [Error]: Dynamic server usage: Route 
/api/auth/me couldn't be rendered statically because it used `cookies`. See 
more info here: https://nextjs.org/docs/messages/dynamic-server-error
    at l (C:\Users\Asus\Desktop\New folder 
(9)\.next\server\chunks\9276.js:1:37220)
    at p (C:\Users\Asus\Desktop\New folder 
(9)\.next\server\chunks\4261.js:1:28515)
    at u (C:\Users\Asus\Desktop\New folder 
(9)\.next\server\app\api\notifications\route.js:1:2776)
    at c (C:\Users\Asus\Desktop\New folder 
(9)\.next\server\app\api\auth\me\route.js:1:1116)
    at C:\Users\Asus\Desktop\New folder (9)\node_modules\next\dist\compiled\
next-server\app-route.runtime.prod.js:6:38417
    at C:\Users\Asus\Desktop\New folder 
(9)\node_modules\next\dist\server\lib\trace\tracer.js:140:36
    at NoopContextManager.with (C:\Users\Asus\Desktop\New folder 
(9)\node_modules\next\dist\compiled\@opentelemetry\api\index.js:1:7062)
    at ContextAPI.with (C:\Users\Asus\Desktop\New folder 
(9)\node_modules\next\dist\compiled\@opentelemetry\api\index.js:1:518)
    at NoopTracer.startActiveSpan (C:\Users\Asus\Desktop\New folder 
(9)\node_modules\next\dist\compiled\@opentelemetry\api\index.js:1:18093)
    at ProxyTracer.startActiveSpan (C:\Users\Asus\Desktop\New folder 
(9)\node_modules\next\dist\compiled\@opentelemetry\api\index.js:1:18854) {
  description: "Route /api/auth/me couldn't be rendered statically because 
it used `cookies`. See more info here: 
https://nextjs.org/docs/messages/dynamic-server-error",
  digest: 'DYNAMIC_SERVER_USAGE'
}
   Generating static pages (20/41) 
   Generating static pages (30/41) 
(node:100504) [MONGOOSE] Warning: Duplicate schema index on {"slug":1} 
found. This is often due to declaring an index using both "index: true" and 
"schema.index()". Please remove the duplicate index definition.
(Use `node --trace-warnings ...` to show where the warning was created)
 Γ¿» useSearchParams() should be wrapped in a suspense boundary at page 
"/admin/orders". Read more: 
https://nextjs.org/docs/messages/missing-suspense-with-csr-bailout
    at o (C:\Users\Asus\Desktop\New folder 
(9)\.next\server\chunks\2772.js:1:10838)
    at d (C:\Users\Asus\Desktop\New folder 
(9)\.next\server\chunks\2772.js:1:21730)
    at sj (C:\Users\Asus\Desktop\New folder 
(9)\.next\server\app\admin\orders\page.js:1:253774)
    at nj (C:\Users\Asus\Desktop\New folder (9)\node_modules\next\dist\compi
led\next-server\app-page.runtime.prod.js:12:46252)
    at nM (C:\Users\Asus\Desktop\New folder (9)\node_modules\next\dist\compi
led\next-server\app-page.runtime.prod.js:12:47572)
    at nN (C:\Users\Asus\Desktop\New folder (9)\node_modules\next\dist\compi
led\next-server\app-page.runtime.prod.js:12:64547)
    at nI (C:\Users\Asus\Desktop\New folder (9)\node_modules\next\dist\compi
led\next-server\app-page.runtime.prod.js:12:47011)
    at nM (C:\Users\Asus\Desktop\New folder (9)\node_modules\next\dist\compi
led\next-server\app-page.runtime.prod.js:12:47718)
    at nM (C:\Users\Asus\Desktop\New folder (9)\node_modules\next\dist\compi
led\next-server\app-page.runtime.prod.js:12:61547)
    at nN (C:\Users\Asus\Desktop\New folder (9)\node_modules\next\dist\compi
led\next-server\app-page.runtime.prod.js:12:64547)

Error occurred prerendering page "/admin/orders". Read more: 
https://nextjs.org/docs/messages/prerender-error

[Auth] Error in getAuthUser: n [Error]: Dynamic server usage: Route 
/api/admin/settings couldn't be rendered statically because it used 
`cookies`. See more info here: 
https://nextjs.org/docs/messages/dynamic-server-error
    at l (C:\Users\Asus\Desktop\New folder 
(9)\.next\server\chunks\9276.js:1:37220)
    at p (C:\Users\Asus\Desktop\New folder 
(9)\.next\server\chunks\4261.js:1:28515)
    at u (C:\Users\Asus\Desktop\New folder 
(9)\.next\server\app\api\admin\reports\route.js:1:4524)
    at d (C:\Users\Asus\Desktop\New folder 
(9)\.next\server\app\api\admin\reports\route.js:1:4901)
    at c (C:\Users\Asus\Desktop\New folder 
(9)\.next\server\app\api\admin\reports\route.js:1:4979)
    at f (C:\Users\Asus\Desktop\New folder 
(9)\.next\server\app\api\admin\settings\route.js:1:1573)
    at C:\Users\Asus\Desktop\New folder (9)\node_modules\next\dist\compiled\
next-server\app-route.runtime.prod.js:6:38417
    at C:\Users\Asus\Desktop\New folder 
(9)\node_modules\next\dist\server\lib\trace\tracer.js:140:36
    at NoopContextManager.with (C:\Users\Asus\Desktop\New folder 
(9)\node_modules\next\dist\compiled\@opentelemetry\api\index.js:1:7062)
    at ContextAPI.with (C:\Users\Asus\Desktop\New folder 
(9)\node_modules\next\dist\compiled\@opentelemetry\api\index.js:1:518) {
  description: "Route /api/admin/settings couldn't be rendered statically 
because it used `cookies`. See more info here: 
https://nextjs.org/docs/messages/dynamic-server-error",
  digest: 'DYNAMIC_SERVER_USAGE'
}
Settings fetch error: Error: Unauthorized
    at d (C:\Users\Asus\Desktop\New folder 
(9)\.next\server\app\api\admin\reports\route.js:1:4917)
    at async c (C:\Users\Asus\Desktop\New folder 
(9)\.next\server\app\api\admin\reports\route.js:1:4973)
    at async f (C:\Users\Asus\Desktop\New folder 
(9)\.next\server\app\api\admin\settings\route.js:1:1559)
    at async C:\Users\Asus\Desktop\New folder (9)\node_modules\next\dist\com
piled\next-server\app-route.runtime.prod.js:6:38411
    at async e_.execute (C:\Users\Asus\Desktop\New folder (9)\node_modules\n
ext\dist\compiled\next-server\app-route.runtime.prod.js:6:27880)
    at async e_.handle (C:\Users\Asus\Desktop\New folder (9)\node_modules\ne
xt\dist\compiled\next-server\app-route.runtime.prod.js:6:39943)
    at async exportAppRoute (C:\Users\Asus\Desktop\New folder 
(9)\node_modules\next\dist\export\routes\app-route.js:77:26)
    at async exportPageImpl (C:\Users\Asus\Desktop\New folder 
(9)\node_modules\next\dist\export\worker.js:175:20)
    at async Span.traceAsyncFn (C:\Users\Asus\Desktop\New folder 
(9)\node_modules\next\dist\trace\trace.js:154:20)
    at async Object.exportPage (C:\Users\Asus\Desktop\New folder 
(9)\node_modules\next\dist\export\worker.js:237:20)
 Γ£ô Generating static pages (41/41)
(node:114260) [MONGOOSE] Warning: Duplicate schema index on 
{"orderNumber":1} found. This is often due to declaring an index using both 
"index: true" and "schema.index()". Please remove the duplicate index 
definition.
(Use `node --trace-warnings ...` to show where the warning was created)
(node:114260) [MONGOOSE] Warning: Duplicate schema index on {"phone":1} 
found. This is often due to declaring an index using both "index: true" and 
"schema.index()". Please remove the duplicate index definition.
(node:114260) [MONGOOSE] Warning: Duplicate schema index on {"slug":1} 
found. This is often due to declaring an index using both "index: true" and 
"schema.index()". Please remove the duplicate index definition.

> Export encountered errors on following paths:
	/admin/orders/page: /admin/orders
